[2025-01-05T14:46:48.209299+03:00] itrvb.INFO: MySQL: retrieving User with UUID 7977916e-f27b-4f69-bfe2-967dc82f58b0 from the database... [] []
[2025-01-05T14:46:48.214979+03:00] itrvb.INFO: MySQL: User was retrieved. [] []
[2025-01-05T14:47:46.636993+03:00] itrvb.INFO: MySQL: retrieving User with UUID 7977916e-f27b-4f69-bfe2-967dc82f58b0 from the database... [] []
[2025-01-05T14:47:46.640444+03:00] itrvb.INFO: MySQL: User was retrieved. [] []
[2025-01-05T14:49:12.567118+03:00] itrvb.INFO: MySQL: saving User with UUID a5741b8b-2cb6-4558-a2c8-1a00d5aee818 and name Boris Huvibed [] []
[2025-01-05T14:49:12.581695+03:00] itrvb.INFO: MySQL: successfully saved User with UUID a5741b8b-2cb6-4558-a2c8-1a00d5aee818 [] []
[2025-01-05T14:49:59.671721+03:00] itrvb.INFO: MySQL: saving User with UUID d290ff5e-cddd-406f-b8a8-62ed704e6912 and name Boris Huvibed [] []
[2025-01-05T14:49:59.685443+03:00] itrvb.INFO: MySQL: successfully saved User with UUID d290ff5e-cddd-406f-b8a8-62ed704e6912 [] []
[2025-01-05T14:50:26.262643+03:00] itrvb.INFO: MySQL: retrieving User with UUID d290ff5e-cddd-406f-b8a8-62ed704e6912 from the database... [] []
[2025-01-05T14:50:26.265822+03:00] itrvb.INFO: MySQL: User was retrieved. [] []
[2025-01-05T14:50:32.131375+03:00] itrvb.INFO: MySQL: retrieving User with UUID d290ff5e-cddd-406f-b8a8-62ed704e6912 from the database... [] []
[2025-01-05T14:50:32.133877+03:00] itrvb.INFO: MySQL: User was retrieved. [] []
[2025-01-05T14:50:37.355727+03:00] itrvb.INFO: MySQL: retrieving User with UUID d290ff5e-cddd-406f-b8a8-62ed704e6912 from the database... [] []
[2025-01-05T14:50:37.357509+03:00] itrvb.INFO: MySQL: User was retrieved. [] []
[2025-01-05T14:50:43.444739+03:00] itrvb.INFO: MySQL: retrieving User with UUID d290ff5e-cddd-406f-b8a8-62ed704e6913 from the database... [] []
[2025-01-05T14:50:43.446801+03:00] itrvb.WARNING: MySQL: query has not found anything, throwing an exception with message 'Could not find any user with UUID d290ff5e-cddd-406f-b8a8-62ed704e6913 in the database.' [] []
[2025-01-05T14:50:48.789749+03:00] itrvb.INFO: MySQL: retrieving User with UUID d290ff5e-cddd-406f-b8a8-62ed704e6912 from the database... [] []
[2025-01-05T14:50:48.793150+03:00] itrvb.INFO: MySQL: User was retrieved. [] []
[2025-01-05T14:58:20.222832+03:00] itrvb.INFO: MySQL: retrieving User with UUID d290ff5e-cddd-406f-b8a8-62ed704e6912 from the database... [] []
[2025-01-05T14:58:20.226475+03:00] itrvb.INFO: MySQL: User was retrieved. [] []
